
> cropnode@0.1.0 test:api
> playwright test src/__tests__/smart-input-scenarios.test.ts --config playwright.api.config.ts


Running 17 tests using 1 worker


========== SCENARIO 1: Basis Registratie ==========

--- Step 1: "Vandaag gespoten alle conference met surround 30 kg" ---
Simple Response:
  Action: new
  Plots: 14
  Products: SURROUND® WP CROP PROTECTANT 30kg
  Date: 2023-10-27
  Reply: Begrepen! Ik heb SURROUND® WP CROP PROTECTANT klaargezet voor 14 percelen. Check rechts of alles klo...

Assertions:
  Plots count: 14
  Product found: SURROUND® WP CROP PROTECTANT, Dosage: 30kg
  Validation status: Akkoord

✓ SCENARIO 1 PASSED
  ✓   1 src/__tests__/smart-input-scenarios.test.ts:291:7 › Smart Input Pipeline Scenarios › Scenario 1: Basis registratie - alle conference met surround (20.4s)

========== SCENARIO 2: Product Toevoegen aan Subset ==========

--- Step 1: "Vandaag gespoten alle conference met surround 30 kg" ---
Simple Response:
  Action: new
  Plots: 14
  Products: SURROUND® WP CROP PROTECTANT 30kg
  Date: 2024-03-05
  Reply: Begrepen! Ik heb SURROUND® WP CROP PROTECTANT klaargezet voor 14 percelen. Check rechts of alles klo...

--- Step 2: "Bij schele nog merpan bij gedaan" ---
Grouped Response:
  Units: 2
    - Overige percelen: 13 plots
      Products: SURROUND® WP CROP PROTECTANT 30kg
    - Schele (Conference): 1 plots
      Products: SURROUND® WP CROP PROTECTANT 30kg, Merpan Spuitkorrel 1kg
  Date: 2026-02-05T18:43:21.355Z
  Reply: Check, ik heb Merpan Spuitkorrel toegevoegd aan de registratie voor Schele (Conference). De overige ...

Assertions:
  Units count: 2
  Schele unit found: Schele (Conference)
  Schele products: SURROUND® WP CROP PROTECTANT, Merpan Spuitkorrel
  Has Merpan: true
  Has Surround: true
  Other units unchanged: ✓
  No phantom UUIDs: ✓

✓ SCENARIO 2 PASSED
  ✓   2 src/__tests__/smart-input-scenarios.test.ts:346:7 › Smart Input Pipeline Scenarios › Scenario 2: Multi-turn met product toevoegen aan subset (Merpan bij Schele) (7.4s)

========== SCENARIO 3: Datum Split ==========

--- Step 1: "Vandaag gespoten alle conference met surround 30 kg" ---
Grouped Response:
  Units: 1
    - Unit: 8 plots
      Products: SURROUND® WP CROP PROTECTANT 30kg
  Date: 2026-02-05T00:00:00.000Z
  Reply: Registratie klaargezet voor 8 percelen. Controleer rechts of alles klopt....
  Step 1 messages: intent, searching, context_ready, extracting, grouped_complete
  Draft plots: 8

--- Step 2: "Stadhoek trouwens gisteren gespoten" ---
Grouped Response:
  Units: 2
    - Stadhoek (Conference) (2026-02-04T00:00:00.000Z): 1 plots
      Products: SURROUND® WP CROP PROTECTANT 30kg
      Date: 2026-02-04T00:00:00.000Z
    - Overige 7 percelen (2026-02-05T00:00:00.000Z): 7 plots
      Products: SURROUND® WP CROP PROTECTANT 30kg
      Date: 2026-02-05T00:00:00.000Z
  Date: 2026-02-05T00:00:00.000Z
  isSplit: true
  splitParcelIds: c6e05033-2740-4952-bf2e-b3d72f858b6d
  Reply: Begrepen! Ik heb de registratie gesplitst:
• Stadhoek (Conference): datum 2026-02-04T00:00:00.000Z
•...

Assertions:
  Response messages: intent, searching, context_ready, extracting, partial, partial, partial, partial, grouped_complete
  Has groupedData: true
  Has finalData: false
  isSplit: true
  Units count: 2
  Stadhoek unit found: Stadhoek (Conference) (2026-02-04T00:00:00.000Z)
  Stadhoek date: 2026-02-04T00:00:00.000Z
  Stadhoek is yesterday: true
  Main unit plots: 7
  No phantom UUIDs: ✓

✓ SCENARIO 3 PASSED (behavior documented)
  ✓   3 src/__tests__/smart-input-scenarios.test.ts:425:7 › Smart Input Pipeline Scenarios › Scenario 3: Multi-turn met datum split (Stadhoek gisteren) (4.4s)

========== SCENARIO 4: Drie-staps Flow ==========

--- Step 1: "Vandaag gespoten alle conference met surround 30 kg" ---
Grouped Response:
  Units: 1
    - Unit: 8 plots
      Products: SURROUND® WP CROP PROTECTANT 30kg
  Date: 2026-02-05T00:00:00.000Z
  Reply: Registratie klaargezet voor 8 percelen. Controleer rechts of alles klopt....

--- Step 2: "Bij schele nog merpan bij gedaan" ---
Grouped Response:
  Units: 2
    - Overige percelen: 7 plots
      Products: SURROUND® WP CROP PROTECTANT 30kg
    - Schele (Conference): 1 plots
      Products: SURROUND® WP CROP PROTECTANT 30kg, Merpan Spuitkorrel 10kg
  Date: 2026-02-05T18:43:30.681Z
  Reply: Check, ik heb Merpan Spuitkorrel toegevoegd aan de registratie voor Schele (Conference). De overige ...

--- Step 3: "Stadhoek trouwens gisteren gespoten" ---
Grouped Response:
  Units: 2
    - Stadhoek (Conference) (gisteren): 1 plots
      Products: SURROUND® WP CROP PROTECTANT 30kg, Merpan Spuitkorrel 10kg
      Date: 2026-02-04T00:00:00.000Z
    - Overige 7 percelen (vandaag): 7 plots
      Products: SURROUND® WP CROP PROTECTANT 30kg, Merpan Spuitkorrel 10kg
      Date: 2026-02-05T00:00:00.000Z
  Date: 2026-02-05T00:00:00.000Z
  isSplit: true
  splitParcelIds: c6e05033-2740-4952-bf2e-b3d72f858b6d
  Reply: Begrepen! Ik heb de registratie gesplitst:
• Stadhoek (Conference): datum gisteren
• Overige 7 perce...

Assertions:
  Units count: 2
  Schele unit found: true
  Stadhoek unit (yesterday): true
  Schele has Merpan: true
  Total plots: 8
  No phantom UUIDs: ✓

✓ SCENARIO 4 PASSED
  ✓   4 src/__tests__/smart-input-scenarios.test.ts:525:7 › Smart Input Pipeline Scenarios › Scenario 4: Drie-staps flow - product subset + datum split (6.5s)

========== SCENARIO 5: Dosering Wijzigen ==========

--- Step 1: "Vandaag gespoten alle conference met surround" ---
Simple Response:
  Action: new
  Plots: 14
  Products: SURROUND® WP CROP PROTECTANT 1kg
  Date: 2023-10-27
  Reply: Begrepen! Ik heb SURROUND® WP CROP PROTECTANT klaargezet voor 14 percelen. Check rechts of alles klo...

--- Step 2: "dosering is 30 kg" ---
Simple Response:
  Action: update
  Plots: 14
  Products: SURROUND® WP CROP PROTECTANT 30kg
  Date: undefined
  Reply: Check, ik heb de dosering aangepast naar 30 kg/ha....

Assertions:
  Action: update
  Surround dosage: 30kg

✓ SCENARIO 5 PASSED
  ✓   5 src/__tests__/smart-input-scenarios.test.ts:633:7 › Smart Input Pipeline Scenarios › Scenario 5: Dosering wijzigen (5.7s)

========== SCENARIO 6: Perceel Verwijderen ==========

--- Step 1: "Vandaag gespoten alle conference met surround 30 kg" ---
Grouped Response:
  Units: 1
    - Unit: 8 plots
      Products: SURROUND® WP CROP PROTECTANT 30kg
  Date: 2026-02-05T00:00:00.000Z
  Reply: Registratie klaargezet voor 8 percelen. Controleer rechts of alles klopt....

--- Step 2: "zuidhoek trouwens niet" ---
Simple Response:
  Action: update
  Plots: 7
  Products: SURROUND® WP CROP PROTECTANT 30kg
  Date: 2026-02-05T00:00:00.000Z

Assertions:
  Plots count: 7

✓ SCENARIO 6 PASSED
  ✓   6 src/__tests__/smart-input-scenarios.test.ts:692:7 › Smart Input Pipeline Scenarios › Scenario 6: Perceel verwijderen (Zuidhoek niet) (3.0s)

========== SCENARIO 7: Datum-split Variatie ==========

--- Step 1: "Vandaag gespoten alle conference met surround 30 kg" ---
Grouped Response:
  Units: 1
    - Unit: 8 plots
      Products: SURROUND® WP CROP PROTECTANT 30kg
  Date: 2026-02-05T00:00:00.000Z
  Reply: Registratie klaargezet voor 8 percelen. Controleer rechts of alles klopt....

--- Step 2: "Stadhoek heb ik gisteren gespoten" ---
Grouped Response:
  Units: 2
    - Stadhoek (Conference) (2026-02-04T00:00:00.000Z): 1 plots
      Products: SURROUND® WP CROP PROTECTANT 30kg
      Date: 2026-02-04T00:00:00.000Z
    - Overige 7 percelen (2026-02-05T00:00:00.000Z): 7 plots
      Products: SURROUND® WP CROP PROTECTANT 30kg
      Date: 2026-02-05T00:00:00.000Z
  Date: 2026-02-05T00:00:00.000Z
  isSplit: true
  splitParcelIds: c6e05033-2740-4952-bf2e-b3d72f858b6d
  Reply: Begrepen! Ik heb de registratie gesplitst:
• Stadhoek (Conference): datum 2026-02-04T00:00:00.000Z
•...

Assertions:
  Has grouped data: true
  Has final data: false
  isSplit: true
  Units count: 2
  Yesterday unit found: ✓
  Yesterday unit plots: 1
  Split contains Stadhoek: true

✓ SCENARIO 7 PASSED (behavior documented)
  ✓   7 src/__tests__/smart-input-scenarios.test.ts:754:7 › Smart Input Pipeline Scenarios › Scenario 7: Datum-split met "heb ik gisteren gespoten" (4.3s)

========== SCENARIO 8: Gewasgroep Peren ==========

--- Step 1: "Alle peren gespoten met captan 1.5 kg" ---
Simple Response:
  Action: new
  Plots: 25
  Products: Merpan Spuitkorrel 1.5kg
  Date: undefined
  Reply: Begrepen! Ik heb Merpan Spuitkorrel klaargezet voor 25 percelen. Check rechts of alles klopt....

Assertions:
  Has response data: true
  Response messages: intent, searching, context_ready, extracting, partial, complete
  Plots count: 25
  Product Captan not found in response

✓ SCENARIO 8 PASSED (behavior documented)
  ✓   8 src/__tests__/smart-input-scenarios.test.ts:836:7 › Smart Input Pipeline Scenarios › Scenario 8: Gewasgroep peren (3.4s)

========== SCENARIO 9: Correctie ==========

--- Step 1: "Vandaag gespoten alle conference met surround 30 kg" ---
Grouped Response:
  Units: 1
    - Unit: 8 plots
      Products: SURROUND® WP CROP PROTECTANT 30kg
  Date: 2026-02-05T00:00:00.000Z
  Reply: Registratie klaargezet voor 8 percelen. Controleer rechts of alles klopt....

--- Step 2: "Nee, het was captan niet surround" ---
Simple Response:
  Action: update
  Plots: 8
  Products: SURROUND® WP CROP PROTECTANT 0kg, Merpan Spuitkorrel 30kg
  Date: 2026-02-05T00:00:00.000Z
  Reply: Aangepast. Controleer rechts of het klopt....

Assertions:
  Response messages: intent, searching, context_ready, extracting, partial, partial, partial, complete
  Products in response: SURROUND® WP CROP PROTECTANT, Merpan Spuitkorrel
  Has Captan: false
  Has Surround: true
  Note: Captan not found in products - correction may need improvement

✓ SCENARIO 9 PASSED (behavior documented)
  ✓   9 src/__tests__/smart-input-scenarios.test.ts:912:7 › Smart Input Pipeline Scenarios › Scenario 9: Correctie - product wijzigen (6.5s)

========== SCENARIO 10: Variatie Zinsopbouw ==========

--- Step 1: "Heb vandaag de conference bespoten met 25 kg surround" ---
Grouped Response:
  Units: 1
    - Unit: 7 plots
      Products: SURROUND® WP CROP PROTECTANT 25kg
  Date: 2026-02-05T00:00:00.000Z
  Reply: Registratie klaargezet voor 7 percelen. Controleer rechts of alles klopt....

Assertions:
  Has response data: true
  Product found: SURROUND® WP CROP PROTECTANT
  Dosage: 25

✓ SCENARIO 10 PASSED
  ✓  10 src/__tests__/smart-input-scenarios.test.ts:988:7 › Smart Input Pipeline Scenarios › Scenario 10: Variatie - "Heb vandaag gespoten" (1.9s)

========== SCENARIO 11: Informeel Nederlands ==========

--- Step 1: "ff de conference gedaan met merpan 1 kg per ha" ---
Simple Response:
  Action: new
  Plots: 14
  Products: Merpan Spuitkorrel 1kg
  Date: undefined
  Reply: Begrepen! Ik heb Merpan Spuitkorrel klaargezet voor 14 percelen. Check rechts of alles klopt....

Assertions:
  Has response data: true
  Product found: Merpan Spuitkorrel
  Merpan detected: ✓

✓ SCENARIO 11 PASSED (behavior documented)
  ✓  11 src/__tests__/smart-input-scenarios.test.ts:1019:7 › Smart Input Pipeline Scenarios › Scenario 11: Variatie - Informeel Nederlands (3.6s)

========== SCENARIO 12: Date Split met "de rest" ==========

--- Step 1: "Vandaag gespoten alle conference met surround 30 kg" ---
Simple Response:
  Action: new
  Plots: 14
  Products: SURROUND® WP CROP PROTECTANT 30kg
  Date: 2024-05-16
  Reply: Begrepen! Ik heb SURROUND® WP CROP PROTECTANT klaargezet voor 14 percelen. Check rechts of alles klo...
  Draft plots: 14
  Parcels passed: 0

--- Step 2: "Stadhoek heb ik gisteren gespoten de rest vandaag" ---
Grouped Response:
  Units: 2
    - Stadhoek (Conference) (2024-05-14): 1 plots
      Products: SURROUND® WP CROP PROTECTANT 30kg
      Date: 2024-05-14T00:00:00.000Z
    - Overige 13 percelen (2024-05-15): 13 plots
      Products: SURROUND® WP CROP PROTECTANT 30kg
      Date: 2024-05-15T00:00:00.000Z
  Date: 2024-05-15T00:00:00.000Z
  isSplit: true
  splitParcelIds: c6e05033-2740-4952-bf2e-b3d72f858b6d
  Reply: Begrepen! Ik heb de registratie gesplitst:
• Stadhoek (Conference): datum 2024-05-14
• Overige 13 pe...

Assertions:
  Step 2 messages: intent, searching, context_ready, extracting, partial, partial, partial, grouped_complete
  Has groupedData: true
  Has finalData: false
  isSplit: true
  Units count: 2

✓ SCENARIO 12 PASSED (behavior documented)
  ✓  12 src/__tests__/smart-input-scenarios.test.ts:1052:7 › Smart Input Pipeline Scenarios › Scenario 12: Date split - "X gisteren, de rest vandaag" (4.8s)

========== SCENARIO 13: Product met "erbij" ==========

--- Step 1: "Alle conference met surround 30 kg vandaag" ---
Grouped Response:
  Units: 1
    - Unit: 14 plots
      Products: SURROUND® WP CROP PROTECTANT 30kg
  Date: 2026-02-05T00:00:00.000Z
  Reply: Registratie klaargezet voor 14 percelen. Controleer rechts of alles klopt....

--- Step 2: "En bij schele ook merpan erbij" ---
Grouped Response:
  Units: 2
    - Overige percelen: 13 plots
      Products: SURROUND® WP CROP PROTECTANT 30kg
    - Schele (Conference): 1 plots
      Products: SURROUND® WP CROP PROTECTANT 30kg, Merpan Spuitkorrel 0kg
  Date: 2026-02-05T18:44:11.131Z
  Reply: Check, ik heb Merpan Spuitkorrel toegevoegd aan de registratie voor Schele (Conference). De overige ...

Assertions:
  Schele has Merpan: true

✓ SCENARIO 13 PASSED
  ✓  13 src/__tests__/smart-input-scenarios.test.ts:1129:7 › Smart Input Pipeline Scenarios › Scenario 13: Product toevoegen met "erbij" (5.6s)

========== SCENARIO 14: Verwijder Variaties ==========

--- Step 1: "Vandaag gespoten alle conference met surround 30 kg" ---
Grouped Response:
  Units: 1
    - Unit: 7 plots
      Products: SURROUND® WP CROP PROTECTANT 30kg
  Date: 2026-02-05T00:00:00.000Z
  Reply: Registratie klaargezet voor 7 percelen. Controleer rechts of alles klopt....

--- Step 2: "Stadhoek toch niet meegenomen" ---
Simple Response:
  Action: update
  Plots: 6
  Products: SURROUND® WP CROP PROTECTANT 30kg
  Date: 2026-02-05T00:00:00.000Z

Assertions:
  Initial plots: 7
  Final plots: 6

✓ SCENARIO 14 PASSED
  ✓  14 src/__tests__/smart-input-scenarios.test.ts:1177:7 › Smart Input Pipeline Scenarios › Scenario 14: Perceel verwijderen - variaties (2.5s)

========== SCENARIO 15: Dosering Formaten ==========

--- Step 1: "Conference met 1,5 liter captan per hectare vandaag" ---
Simple Response:
  Action: new
  Plots: 14
  Products: Merpan Spuitkorrel 1.5kg
  Date: today
  Reply: Begrepen! Ik heb Merpan Spuitkorrel klaargezet voor 14 percelen. Check rechts of alles klopt....

Assertions:
  Note: "liter captan" format may need better parsing

✓ SCENARIO 15 PASSED (behavior documented)
  ✓  15 src/__tests__/smart-input-scenarios.test.ts:1226:7 › Smart Input Pipeline Scenarios › Scenario 15: Dosering formaat variaties (4.5s)

========== SCENARIO 16: Meerdere Producten ==========

--- Step 1: "Alle conference met surround 30 kg en merpan 1 kg vandaag" ---
Simple Response:
  Action: new
  Plots: 14
  Products: SURROUND® WP CROP PROTECTANT 30kg, Merpan Spuitkorrel 1kg
  Date: 2024-06-14
  Reply: Top, 2 middelen klaargezet voor 14 percelen. Zie het overzicht rechts....

Assertions:
  Products count: 2
  Has Surround: true
  Has Merpan: true

✓ SCENARIO 16 PASSED
  ✓  16 src/__tests__/smart-input-scenarios.test.ts:1258:7 › Smart Input Pipeline Scenarios › Scenario 16: Meerdere producten tegelijk (3.7s)

========== SCENARIO 17: Specifiek Perceel ==========

--- Step 1: "Alleen Schele gespoten vandaag met merpan 1.5 kg" ---
Grouped Response:
  Units: 1
    - Unit: 1 plots
      Products: Merpan Spuitkorrel 1.5kg
  Date: 2026-02-05T00:00:00.000Z
  Reply: Registratie klaargezet voor 1 percelen. Controleer rechts of alles klopt....

Assertions:
  Plots count: 1
    - Schele (Conference)
  All selected are Schele: true

✓ SCENARIO 17 PASSED
  ✓  17 src/__tests__/smart-input-scenarios.test.ts:1291:7 › Smart Input Pipeline Scenarios › Scenario 17: Specifiek perceel bij naam (1.5s)

  17 passed (1.5m)
